command=["/opt/homebrew/Cellar/node@24/24.18.0/bin/node","--import","tsx","--test","scripts/__tests__/walmart-listing-repair-operator.test.ts","scripts/__tests__/verify-and-run-walmart-listing-repair.test.mjs","src/lib/walmart/__tests__/listing-integrity-remediation-ledger.test.mjs","src/lib/walmart/__tests__/listing-integrity-remediation-artifacts.test.ts","src/lib/walmart/__tests__/listing-integrity-remediation-qualification.test.ts","src/lib/walmart/__tests__/listing-integrity-remediation-live-qualification.test.ts","src/lib/walmart/__tests__/listing-integrity-remediation-ledger-adapter.test.ts","src/lib/walmart/__tests__/listing-integrity-remediation-transport.test.ts","src/lib/walmart/__tests__/listing-integrity-remediation-payload.test.ts","src/lib/walmart/__tests__/listing-integrity-variant-group-evidence.test.ts","src/lib/walmart/__tests__/listing-integrity-remediation-closed-loop.test.ts","src/lib/walmart/__tests__/listing-integrity-remediation-image-certificate.test.ts","src/lib/walmart/__tests__/listing-integrity-remediation-apply-evidence.test.ts","src/lib/walmart/__tests__/listing-integrity-remediation-apply-evidence-adapter.test.ts","src/lib/walmart/__tests__/listing-integrity-remediation-writer.test.ts","src/lib/walmart/__tests__/listing-integrity-remediation-owner-compiler.test.ts","src/lib/walmart/__tests__/listing-integrity-remediation-owner-material-capture.test.ts","src/lib/walmart/__tests__/listing-integrity-remediation-reviewed-main-certificate.test.ts","src/lib/walmart/__tests__/listing-integrity-remediation-reviewed-image-set-certificate.test.ts","src/lib/walmart/__tests__/listing-integrity-remediation-unchanged-image-certificate.test.ts","src/lib/walmart/__tests__/catalog-visual-audit-rounding.test.ts","src/lib/walmart/__tests__/listing-integrity-single-pipeline.test.ts","src/lib/walmart/__tests__/listing-integrity-monitor-lifecycle.test.ts","src/lib/walmart/__tests__/listing-integrity-terminal-failure.test.ts","src/lib/walmart/__tests__/listing-integrity-operations.test.ts","src/lib/walmart/__tests__/listing-integrity-operations.server.test.ts","src/lib/walmart/__tests__/listing-integrity-routes.test.ts","src/components/walmart-growth/__tests__/ListingIntegrityPanel.test.tsx"]
exit=0
stdout:
✔ wrapper CLI requires exact external trust inputs and one bounded operator command (1.308458ms)
✔ wrapper verifies canonical manifest, clean Git identity, inventory, and release pins (369.368042ms)
▶ wrapper fails closed on source drift and noncanonical manifest bytes
  ✔ dirty source (168.005ms)
  ✔ manifest byte drift (119.548416ms)
✔ wrapper fails closed on source drift and noncanonical manifest bytes (288.332833ms)
✔ operator CLI requires wrapper-attested release hashes and rejects test runtime flags (17.412209ms)
✔ doctor proves the engine and enrolled owner trust root are ready with zero effects (73.293667ms)
✔ command flag allowlists reject implicit scope and live shortcuts (0.694917ms)
✔ reviewed MAIN source is fetched once and must match owner-signed bytes (33.441209ms)
✔ renders qualified canaries and the sealed controlled pool without mutation controls (135.545416ms)
✔ multi-unit package label accepts rounded metric beside exact oz/lb (3.302584ms)
✔ same-unit-only package fact remains exact (0.393709ms)
✔ a terminal monitor restart exits successfully without calling Qualification again (92.264542ms)
✔ an active lock prevents a second local monitor from doing any work (1.427292ms)
✔ a terminal file for another package fails closed (10.979417ms)
✔ loads only exact-byte verified qualified cases and the latest sealed pool (91.054542ms)
✔ serves only a final Qualification-bound gallery by exact SKU (8.609125ms)
✔ completed case requires exact body seal and final Qualification PASS (4.31825ms)
✔ controlled pool is read-only, excludes completed SKUs and prioritizes proven conflicts (14.823709ms)
✔ controlled pool seal and strict sequence fail closed (28.927375ms)
✔ factory accepts only two distinct fixed absolute custody roots (0.744542ms)
✔ reference drift is rejected before either missing custody root can be bootstrapped (1593.989833ms)
✔ current non-SUCCEEDED HEAD is rejected read-only before artifact custody access (116.121084ms)
✔ SUCCEEDED custody is loaded by reference and mapped into the real pure verifier with zero writes (1268.847833ms)
▶ stale current-HEAD and artifact-inventory references fail before pure verification
  ✔ ledger HEAD drift (966.344292ms)
  ✔ artifact inventory drift (657.722792ms)
✔ stale current-HEAD and artifact-inventory references fail before pure verification (1624.489791ms)
✔ verifies exact surgical bytes, ACCEPTED custody, terminal feed, and current HEAD (125.174167ms)
✔ rejects a custody-consistent terminal receipt with the wrong GET route or feedId (15.919459ms)
✔ rejects missing ACCEPTED bytes and a HEAD missing the ACCEPTED event (9.2765ms)
✔ rejects a one-byte surgical request payload mutation (53.372583ms)
✔ rejects target image certificate bytes not bound by permit and manifest (3.511292ms)
✔ rejects permit-bound target certificates with a broken seal, schema, or plan (17.171167ms)
✔ rejects authoritative timestamp inversion (9.845625ms)
✔ requires CLAIMED, REQUESTING, POST response, and ACCEPTED strictly before permit expiry (21.648958ms)
✔ rejects an image certificate that expires after prepare but by POST response capture (3.948583ms)
✔ allows terminal feed confirmation after permit expiry when ACCEPTED was still authorized (3.446292ms)
✔ rejects terminal file hash corruption, preserved POST hash drift, and FAILED state (13.777917ms)
✔ durably loads one exact accepted request/response and inventories immutable custody (1577.585125ms)
✔ exact concurrent replay is idempotent while singleton overwrite and extras fail (1083.218458ms)
✔ an OS-visible lock held by another process blocks custody without reclaim (658.802667ms)
✔ locked qualification reader performs a final exact-inventory rescan (532.295875ms)
✔ feed-status content-addressing survives exact replay and distinct resume calls (519.156917ms)
✔ cross-permit/root and accepted hash/feed mismatches fail closed (297.004333ms)
✔ terminal loader rejects non-success, wrong hash pairs, numeric stems and wrong v2 routes (402.15475ms)
▶ mode tamper, hardlinks, content tamper and deletion are detected
  ✔ mode (322.339708ms)
  ✔ hardlink (354.518291ms)
  ✔ tamper (326.3635ms)
  ✔ deletion (312.727375ms)
✔ mode tamper, hardlinks, content tamper and deletion are detected (1316.722917ms)
✔ symlinked ancestry and symlinked artifact aliases are rejected (316.274959ms)
✔ one exact SKU closes BAD -> repair -> SUCCEEDED -> reread -> PASS without hidden effects (3291.553792ms)
✔ certifies exact MAIN/gallery bytes, Product Truth lineage, rights, and signed worker v2 evidence (37.284708ms)
✔ real certifier bytes fail closed on mutation, wrong schema, and wrong plan (22.033375ms)
✔ fails closed on bytes, URL/redirect, lineage, rights, worker trust, count, order, and freshness drift (109.285125ms)
✔ mixed/variety composition is an explicit fail-closed integration gap (10.644625ms)
✔ concrete adapter binds one permit to one immutable ledger through terminal success (522.889791ms)
✔ adapter rejects cross-ledger permits and request-hash drift before advancing state (271.847167ms)
✔ adapter requires an absolute normalized custody path (0.241917ms)
✔ bootstrap pins exact custody identity, 0700/0400 modes, and honest threat claims (93.211209ms)
✔ REQUESTING durably burns one permit and binds exact manifest/payload before network (298.3455ms)
✔ definite accepted POST is durable and permits only GET-only continuation (381.426333ms)
✔ Walmart feed IDs containing @ survive ACCEPTED and terminal rereads (410.904583ms)
✔ SUCCEEDED requires ACCEPTED plus exact feed-status evidence and cumulative head (350.05425ms)
✔ SUCCEEDED cannot skip ACCEPTED and terminal may occur after permit expiry elsewhere (246.008625ms)
✔ zero-call FAILED burns permit without claiming marketplace evidence (280.04325ms)
✔ unknown one-call outcome becomes AMBIGUOUS and can never replay (294.26375ms)
✔ CLAIMED crash state is permanently consumed and cannot be claimed again (204.94925ms)
✔ split claim→REQUESTING enforces exact durable claim and request hashes (108.936542ms)
✔ deleted event file is detected by cumulative head and cannot reopen (136.585958ms)
✔ restoring an older head after a later event is detected as rollback (145.186583ms)
✔ self-consistent forged head with a missing exact event is rejected (144.197667ms)
✔ unexpected extra file and incomplete operation lock fail closed (48.013958ms)
✔ world-accessible directory, symlink path, and hardlinked artifact are rejected (116.704042ms)
✔ concurrent claims cannot both pass the single-custody operation fence (86.3825ms)
✔ terminal evidence pair and outcome truth constraints fail closed (198.689084ms)
✔ fresh frozen live reread unblocks the next SKU only on exact target PASS (68.134458ms)
✔ a mismatch inside the propagation window remains no-write PENDING (32.770375ms)
✔ content repair Qualification accepts an exact catalog without a mapped net-content claim (43.421584ms)
✔ content repair Qualification blocks when an unchanged opaque attribute disappears (27.255792ms)
✔ attribute-only live Qualification PASSes only after exact buyer-visible propagation (22.717375ms)
✔ attribute-only Total count recovery PASSes for an exact Pack of 4 surface (38.718792ms)
✔ unchanged gallery accepts Walmart JPEG re-encoding only under exact reviewed URLs (63.2165ms)
✔ unchanged gallery still rejects a re-encoded asset under a different URL (49.063333ms)
✔ factual gallery accepts Walmart Total count for the exact synthetic count target (0.881458ms)
✔ factual gallery rejects a wrong Walmart Total count (0.470667ms)
✔ attribute-only live Qualification remains no-write PENDING on the stale buyer surface (57.503084ms)
✔ a mismatched reread after the former two-hour window remains PENDING under Walmart's SLA (16.22075ms)
✔ a mismatched reread after the six-hour failure window halts on FAIL (51.137542ms)
✔ reviewed MAIN accepts only a SHA-bound perceptually identical Walmart rehost (62.207541ms)
✔ reviewed image-set Qualification accepts exact target MAIN and gallery (23.636167ms)
✔ reviewed image-set Qualification rejects gallery drift (34.86625ms)
✔ reviewed MAIN does not accept a different image under a Walmart URL (53.811209ms)
✔ live Qualification rejects a source release outside current and exact predecessor (0.668458ms)
✔ owner compiler accepts only an exact reviewed description/bullets/MAIN diff (6.146084ms)
✔ owner compiler accepts only the exact v3 attributes diff and preserves opaque fields (1.678459ms)
✔ owner compiler accepts exact v4 MAIN+gallery diff and rejects incomplete evidence (1.148416ms)
✔ owner compiler creates one exact text-only execution package with zero effects (99.406083ms)
✔ material capture performs only three exact non-retrying read attempts (30.482292ms)
✔ attribute lane captures the exact complete variant group with one extra GET (1.763333ms)
✔ material capture never retries an unknown network outcome (0.887667ms)
✔ builds one canonical native MP_MAINTENANCE request and never writes the full QA target (30.845917ms)
✔ manifest freezes pre-sign timing, raw spec, identifier, and exact transport semantics (5.05475ms)
✔ gallery replacement preserves exact target ordering and omits unchanged MAIN (2.407417ms)
✔ supports exact live identifier allowlist instead of assuming UPC (1.938ms)
✔ supports an explicitly mapped newly added target claim (2.7855ms)
✔ fails closed when an ordinary one-SKU attribute repair changes a live variant-group key (5.034208ms)
✔ allows one exact complete single-member variant-group repair and emits group fields (12.281125ms)
✔ rejects caller field paths as Walmart keys and mappings for unchanged claims (1.2835ms)
✔ pins the configured spec and exact fresh live item identity/state from raw bytes (7.405416ms)
✔ rejects attribute removal and null description instead of guessing clear semantics (2.298459ms)
✔ rejects stale/tampered raw Get Spec evidence and schema-invalid output (3.17325ms)
✔ exact-byte verifier rejects payload or manifest drift (7.2145ms)
✔ fixture plan remains bound to the listing-integrity input family (0.065458ms)
✔ production verifier is pinned and still rejects an owner key outside the production trust root (3.847458ms)
✔ signed sequence releases only its exact first plan position and never a write (1.3565ms)
✔ repair planning rejects a target that contradicts Product Truth before any permit (9.058417ms)
✔ FaisalX-1183 review target needs explicit Pack of 6 in description and bullets (0.805167ms)
✔ gate rebuilds PASS from exact evidence and ignores a forged cached PASS/actor (7.969417ms)
✔ even valid owner signatures cannot substitute a permit for another position, plan, target, or truth (9.245334ms)
✔ qualification rejects legacy raw apply bundles and caller-authored qualified_at (1.78425ms)
✔ apply reference and independently returned verified-proof drift fail closed (4.532ms)
✔ baseline capture reuse is rejected; unchanged authenticated buyer surface becomes FAIL after six hours (3.125875ms)
✔ historical qualification can inspect an expired permit, but a writer cannot consume it (9.327875ms)
✔ reviewed image-set certificate binds the exact MAIN+gallery plan (2.265625ms)
✔ reviewed image-set certificate rejects a plan with different gallery bytes (0.511042ms)
✔ reviewed image-set certificate rejects a false PASS policy bit (0.36625ms)
✔ reviewed-MAIN certificate binds exact plan, MAIN, gallery, and policy (2.906292ms)
✔ reviewed-MAIN certificate rejects extra fields and plan/MAIN drift (0.718459ms)
✔ constructor is zero-network and account binding comes from exact OAuth credentials (1.44125ms)
✔ one token is reused for one POST and bounded GETs; every native call forbids redirects (31.089791ms)
✔ a second POST is impossible even after the first POST returned (0.665583ms)
✔ OAuth failure is attempted once and never reaches maintenance POST (0.271958ms)
✔ HTTP 429 is returned once without refresh or retry (0.344084ms)
✔ unknown POST network outcome is counted exactly once and never retried (0.253208ms)
✔ streaming response cap fails closed after the single HTTP attempt (0.666541ms)
✔ feed GET path must be the exact encoded accepted feed ID (0.101833ms)
✔ unchanged-image certificate binds an exact non-image repair (4.800292ms)
✔ unchanged-image certificate rejects image-changing or tampered plans (1.290083ms)
✔ writer preflights transport before REQUESTING, starts OAuth only after burn, and qualifies exact feed success (6.825958ms)
✔ unknown POST transport outcome is AMBIGUOUS and is never retried (0.834417ms)
✔ OAuth failure before POST is terminal FAILED with zero marketplace writes (0.595167ms)
✔ accepted feed with bounded nonterminal polls becomes GET-only continuation, never ambiguous (0.677875ms)
✔ GET-only continuation loads durable ACCEPTED custody and cannot call POST (1.533542ms)
✔ durable accepted POST recovery records ACCEPTED and performs GET only (5.809375ms)
✔ account drift fails before artifact persistence, permit burn, OAuth, or POST (0.551042ms)
✔ missing Walmart credentials are reported exactly without consuming the permit (0.465083ms)
✔ permit expiry is rechecked after REQUESTING and immediately before send (2.371458ms)
✔ sequence expiry during async final gates blocks POST after REQUESTING (11.897208ms)
✔ fresh readiness position drift after burn blocks POST (0.606958ms)
✔ target image certificate drift after permit burn blocks POST (0.487ms)
▶ READY or Product Truth drift during deferred final certificate verification blocks POST
  ✔ READY (1.650042ms)
  ✔ PRODUCT_TRUTH (1.274666ms)
✔ READY or Product Truth drift during deferred final certificate verification blocks POST (3.649542ms)
✔ returned feed response must account for exactly one GET (3.03575ms)
✔ stranded REQUESTING recovery is no-network manual review and never replays (1.055291ms)
✔ production entrypoint rejects caller dependency injection (1.2865ms)
✔ production closure is pinned and malformed data cannot reach any executable dependency (105.383666ms)
✔ HTTP receipt fixture is exact raw-byte JSON, not a caller outcome boolean (0.09725ms)
✔ operations API is read-only and returns the sealed pool (38.108334ms)
✔ gallery route serves exact qualified bytes and rejects mutations (25.577417ms)
✔ legacy QC full A-to-Z requeue is retired (0.233333ms)
✔ one canonical component becomes exact one-SKU detector truth (2.212ms)
✔ exact canonical content remains usable when price evidence is unsourceable (0.256917ms)
✔ product aliases are deduplicated after detector normalization (0.097458ms)
✔ a multipack donor is rejected instead of becoming a multipack-of-multipacks (0.099041ms)
✔ missing canonical content never falls back to the Walmart title (0.060667ms)
✔ mixed or multi-component recipes do not enter the same-product repair lane (0.063917ms)
✔ full one-SKU diagnostic proves a wrong MAIN package count is BAD (57.443417ms)
✔ full diagnostic accepts possessive brand, interleaved title tokens, and observer role drift (32.006ms)
✔ source-blocked self-consistency detects declared Pack of 6 versus one visible MAIN (34.811708ms)
✔ source-blocked self-consistency detects a hot-dog-buns listing with a hamburger-buns bullet (20.099791ms)
✔ a visually and textually clean input remains a candidate until source-aware qualification (37.66125ms)
✔ full one-SKU diagnostic rejects changed image bytes (28.502ms)
✔ full one-SKU diagnostic rejects a buyer snapshot for another SKU (29.21175ms)
✔ operator command processes one exact SKU evidence set and writes one sealed result (55.67725ms)
✔ review command seals one exact Product Truth diff with image bytes but authorizes no write (87.54675ms)
✔ read-only intake stops at SOURCE_REQUIRED before Walmart, PDP, image, or model work (0.378417ms)
✔ explicit inspect mode captures live buyer evidence while preserving SOURCE_REQUIRED authority (3.583917ms)
✔ buyer-PDP substitution is sealed as a capture requirement, never accepted as the target (104.306708ms)
✔ buyer PDP accepts an exact displayed item whose primary variant item differs (0.352292ms)
✔ buyer PDP accepts an exact displayed item with no primary variant item (0.097ms)
✔ inspect accepts one exact imported buyer HTML file and accounts for zero PDP GETs (3.025ms)
✔ read-only intake captures the exact seller-to-buyer chain and every image (2.609416ms)
✔ captured intake is atomically persisted as one immutable local bundle (306.6785ms)
✔ blind observer plan hides listing truth and verifies an exact signed worker response (1.986291ms)
✔ seals an unresolved terminal failure and unblocks only the next listing (3.188416ms)
✔ does not classify an editable field as a platform-priority quarantine (0.40425ms)
✔ Listing Quality capture performs exactly one token and one read attempt (24.55025ms)
✔ seals exact read-only evidence for a complete one-member variant group (4.169625ms)
✔ rejects an incomplete population claim, stale report, or unsupported schema (1.372791ms)
✔ canonical catalog fixture is independently parseable (0.1595ms)
✔ sealed evidence verifier rejects mutation and widened authority (0.536375ms)
ℹ tests 193
ℹ suites 0
ℹ pass 193
ℹ fail 0
ℹ cancelled 0
ℹ skipped 0
ℹ todo 0
ℹ duration_ms 8249.647833

stderr:
