command=["/opt/homebrew/Cellar/node@24/24.18.0/bin/node","--import","tsx","--test","scripts/__tests__/walmart-listing-repair-operator.test.ts","scripts/__tests__/verify-and-run-walmart-listing-repair.test.mjs","src/lib/walmart/__tests__/listing-integrity-remediation-ledger.test.mjs","src/lib/walmart/__tests__/listing-integrity-remediation-artifacts.test.ts","src/lib/walmart/__tests__/listing-integrity-remediation-qualification.test.ts","src/lib/walmart/__tests__/listing-integrity-remediation-live-qualification.test.ts","src/lib/walmart/__tests__/listing-integrity-remediation-ledger-adapter.test.ts","src/lib/walmart/__tests__/listing-integrity-remediation-transport.test.ts","src/lib/walmart/__tests__/listing-integrity-remediation-payload.test.ts","src/lib/walmart/__tests__/listing-integrity-variant-group-evidence.test.ts","src/lib/walmart/__tests__/listing-integrity-remediation-closed-loop.test.ts","src/lib/walmart/__tests__/listing-integrity-remediation-image-certificate.test.ts","src/lib/walmart/__tests__/listing-integrity-remediation-apply-evidence.test.ts","src/lib/walmart/__tests__/listing-integrity-remediation-apply-evidence-adapter.test.ts","src/lib/walmart/__tests__/listing-integrity-remediation-writer.test.ts","src/lib/walmart/__tests__/listing-integrity-remediation-owner-compiler.test.ts","src/lib/walmart/__tests__/listing-integrity-remediation-owner-material-capture.test.ts","src/lib/walmart/__tests__/listing-integrity-remediation-reviewed-main-certificate.test.ts","src/lib/walmart/__tests__/listing-integrity-remediation-reviewed-image-set-certificate.test.ts","src/lib/walmart/__tests__/listing-integrity-remediation-unchanged-image-certificate.test.ts","src/lib/walmart/__tests__/catalog-visual-audit-rounding.test.ts","src/lib/walmart/__tests__/listing-integrity-single-pipeline.test.ts","src/lib/walmart/__tests__/listing-integrity-monitor-lifecycle.test.ts","src/lib/walmart/__tests__/listing-integrity-terminal-failure.test.ts","src/lib/walmart/__tests__/listing-integrity-operations.test.ts","src/lib/walmart/__tests__/listing-integrity-operations.server.test.ts","src/lib/walmart/__tests__/listing-integrity-routes.test.ts","src/components/walmart-growth/__tests__/ListingIntegrityPanel.test.tsx"]
exit=0
stdout:
✔ wrapper CLI requires exact external trust inputs and one bounded operator command (1.567584ms)
✔ wrapper verifies canonical manifest, clean Git identity, inventory, and release pins (210.641417ms)
▶ wrapper fails closed on source drift and noncanonical manifest bytes
  ✔ dirty source (146.64525ms)
  ✔ manifest byte drift (119.917458ms)
✔ wrapper fails closed on source drift and noncanonical manifest bytes (267.317416ms)
✔ operator CLI requires wrapper-attested release hashes and rejects test runtime flags (1.070209ms)
✔ doctor proves the engine and enrolled owner trust root are ready with zero effects (45.578042ms)
✔ command flag allowlists reject implicit scope and live shortcuts (0.33275ms)
✔ reviewed MAIN source is fetched once and must match owner-signed bytes (27.375667ms)
✔ renders qualified canaries and the sealed controlled pool without mutation controls (124.526291ms)
✔ multi-unit package label accepts rounded metric beside exact oz/lb (14.795958ms)
✔ same-unit-only package fact remains exact (0.237834ms)
✔ a terminal monitor restart exits successfully without calling Qualification again (26.825708ms)
✔ an active lock prevents a second local monitor from doing any work (2.54375ms)
✔ a terminal file for another package fails closed (25.264125ms)
✔ loads only exact-byte verified qualified cases and the latest sealed pool (43.986375ms)
✔ serves only a final Qualification-bound gallery by exact SKU (47.511ms)
✔ completed case requires exact body seal and final Qualification PASS (3.40325ms)
✔ controlled pool is read-only, excludes completed SKUs and prioritizes proven conflicts (5.510333ms)
✔ controlled pool seal and strict sequence fail closed (7.744ms)
✔ factory accepts only two distinct fixed absolute custody roots (27.022667ms)
✔ reference drift is rejected before either missing custody root can be bootstrapped (1790.552125ms)
✔ current non-SUCCEEDED HEAD is rejected read-only before artifact custody access (152.029792ms)
✔ SUCCEEDED custody is loaded by reference and mapped into the real pure verifier with zero writes (1337.463208ms)
▶ stale current-HEAD and artifact-inventory references fail before pure verification
  ✔ ledger HEAD drift (1086.577292ms)
  ✔ artifact inventory drift (991.19025ms)
✔ stale current-HEAD and artifact-inventory references fail before pure verification (2078.315792ms)
✔ verifies exact surgical bytes, ACCEPTED custody, terminal feed, and current HEAD (140.625208ms)
✔ rejects a custody-consistent terminal receipt with the wrong GET route or feedId (23.477333ms)
✔ rejects missing ACCEPTED bytes and a HEAD missing the ACCEPTED event (13.547375ms)
✔ rejects a one-byte surgical request payload mutation (5.176208ms)
✔ rejects target image certificate bytes not bound by permit and manifest (2.754833ms)
✔ rejects permit-bound target certificates with a broken seal, schema, or plan (10.339417ms)
✔ rejects authoritative timestamp inversion (8.757875ms)
✔ requires CLAIMED, REQUESTING, POST response, and ACCEPTED strictly before permit expiry (24.518417ms)
✔ rejects an image certificate that expires after prepare but by POST response capture (3.746791ms)
✔ allows terminal feed confirmation after permit expiry when ACCEPTED was still authorized (3.95675ms)
✔ rejects terminal file hash corruption, preserved POST hash drift, and FAILED state (15.366292ms)
✔ durably loads one exact accepted request/response and inventories immutable custody (1714.631916ms)
✔ exact concurrent replay is idempotent while singleton overwrite and extras fail (1219.323333ms)
✔ an OS-visible lock held by another process blocks custody without reclaim (783.603458ms)
✔ locked qualification reader performs a final exact-inventory rescan (541.313042ms)
✔ feed-status content-addressing survives exact replay and distinct resume calls (786.957958ms)
✔ cross-permit/root and accepted hash/feed mismatches fail closed (436.8975ms)
✔ terminal loader rejects non-success, wrong hash pairs, numeric stems and wrong v2 routes (502.22725ms)
▶ mode tamper, hardlinks, content tamper and deletion are detected
  ✔ mode (395.489709ms)
  ✔ hardlink (351.529334ms)
  ✔ tamper (388.167459ms)
  ✔ deletion (411.13025ms)
✔ mode tamper, hardlinks, content tamper and deletion are detected (1547.20925ms)
✔ symlinked ancestry and symlinked artifact aliases are rejected (324.578083ms)
✔ one exact SKU closes BAD -> repair -> SUCCEEDED -> reread -> PASS without hidden effects (3318.125375ms)
✔ certifies exact MAIN/gallery bytes, Product Truth lineage, rights, and signed worker v2 evidence (35.832875ms)
✔ real certifier bytes fail closed on mutation, wrong schema, and wrong plan (38.753916ms)
✔ fails closed on bytes, URL/redirect, lineage, rights, worker trust, count, order, and freshness drift (136.630666ms)
✔ mixed/variety composition is an explicit fail-closed integration gap (13.09025ms)
✔ concrete adapter binds one permit to one immutable ledger through terminal success (589.511542ms)
✔ adapter rejects cross-ledger permits and request-hash drift before advancing state (272.147125ms)
✔ adapter requires an absolute normalized custody path (0.224833ms)
✔ bootstrap pins exact custody identity, 0700/0400 modes, and honest threat claims (49.887958ms)
✔ REQUESTING durably burns one permit and binds exact manifest/payload before network (346.754083ms)
✔ definite accepted POST is durable and permits only GET-only continuation (453.471708ms)
✔ Walmart feed IDs containing @ survive ACCEPTED and terminal rereads (411.831334ms)
✔ SUCCEEDED requires ACCEPTED plus exact feed-status evidence and cumulative head (378.612875ms)
✔ SUCCEEDED cannot skip ACCEPTED and terminal may occur after permit expiry elsewhere (245.007375ms)
✔ zero-call FAILED burns permit without claiming marketplace evidence (319.321209ms)
✔ unknown one-call outcome becomes AMBIGUOUS and can never replay (335.220333ms)
✔ CLAIMED crash state is permanently consumed and cannot be claimed again (213.101667ms)
✔ split claim→REQUESTING enforces exact durable claim and request hashes (123.120708ms)
✔ deleted event file is detected by cumulative head and cannot reopen (143.476791ms)
✔ restoring an older head after a later event is detected as rollback (196.89675ms)
✔ self-consistent forged head with a missing exact event is rejected (157.736666ms)
✔ unexpected extra file and incomplete operation lock fail closed (100.199083ms)
✔ world-accessible directory, symlink path, and hardlinked artifact are rejected (130.421625ms)
✔ concurrent claims cannot both pass the single-custody operation fence (99.224291ms)
✔ terminal evidence pair and outcome truth constraints fail closed (174.199541ms)
✔ fresh frozen live reread unblocks the next SKU only on exact target PASS (46.825042ms)
✔ a mismatch inside the propagation window remains no-write PENDING (33.179833ms)
✔ content repair Qualification accepts an exact catalog without a mapped net-content claim (44.76875ms)
✔ content repair Qualification blocks when an unchanged opaque attribute disappears (49.884958ms)
✔ attribute-only live Qualification PASSes only after exact buyer-visible propagation (52.467ms)
✔ attribute-only Total count recovery PASSes for an exact Pack of 4 surface (32.722334ms)
✔ unchanged gallery accepts Walmart JPEG re-encoding only under exact reviewed URLs (46.022916ms)
✔ unchanged gallery still rejects a re-encoded asset under a different URL (39.486916ms)
✔ factual gallery accepts Walmart Total count for the exact synthetic count target (0.437334ms)
✔ factual gallery accepts implicit Count per pack 1 when exact Total count is visible (1.1565ms)
✔ factual gallery rejects a wrong Walmart Total count (0.528416ms)
✔ factual gallery rejects an implicit non-unit Count per pack (0.513875ms)
✔ attribute-only live Qualification remains no-write PENDING on the stale buyer surface (40.963542ms)
✔ a mismatched reread after the former two-hour window remains PENDING under Walmart's SLA (42.2805ms)
✔ a mismatched reread after the six-hour failure window halts on FAIL (56.882333ms)
✔ reviewed MAIN accepts only a SHA-bound perceptually identical Walmart rehost (42.228458ms)
✔ reviewed image-set Qualification accepts exact target MAIN and gallery (37.590125ms)
✔ reviewed image-set Qualification rejects gallery drift (53.698458ms)
✔ reviewed MAIN does not accept a different image under a Walmart URL (54.252875ms)
✔ live Qualification rejects a source release outside current and exact predecessor (0.345416ms)
✔ owner compiler accepts only an exact reviewed description/bullets/MAIN diff (3.784041ms)
✔ owner compiler accepts only the exact v3 attributes diff and preserves opaque fields (1.071458ms)
✔ owner compiler accepts exact v4 MAIN+gallery diff and rejects incomplete evidence (1.301083ms)
✔ owner compiler creates one exact text-only execution package with zero effects (114.778917ms)
✔ material capture performs only three exact non-retrying read attempts (25.474292ms)
✔ attribute lane captures the exact complete variant group with one extra GET (2.227959ms)
✔ material capture never retries an unknown network outcome (0.547875ms)
✔ builds one canonical native MP_MAINTENANCE request and never writes the full QA target (31.926ms)
✔ manifest freezes pre-sign timing, raw spec, identifier, and exact transport semantics (8.966125ms)
✔ gallery replacement preserves exact target ordering and omits unchanged MAIN (2.426541ms)
✔ supports exact live identifier allowlist instead of assuming UPC (2.681583ms)
✔ supports an explicitly mapped newly added target claim (1.880292ms)
✔ fails closed when an ordinary one-SKU attribute repair changes a live variant-group key (3.213334ms)
✔ allows one exact complete single-member variant-group repair and emits group fields (11.6905ms)
✔ rejects caller field paths as Walmart keys and mappings for unchanged claims (1.042417ms)
✔ pins the configured spec and exact fresh live item identity/state from raw bytes (4.901ms)
✔ rejects attribute removal and null description instead of guessing clear semantics (1.610458ms)
✔ rejects stale/tampered raw Get Spec evidence and schema-invalid output (3.159084ms)
✔ exact-byte verifier rejects payload or manifest drift (6.57525ms)
✔ fixture plan remains bound to the listing-integrity input family (0.054125ms)
✔ production verifier is pinned and still rejects an owner key outside the production trust root (5.197958ms)
✔ signed sequence releases only its exact first plan position and never a write (0.938208ms)
✔ repair planning rejects a target that contradicts Product Truth before any permit (8.050667ms)
✔ FaisalX-1183 review target needs explicit Pack of 6 in description and bullets (0.81325ms)
✔ gate rebuilds PASS from exact evidence and ignores a forged cached PASS/actor (9.888416ms)
✔ even valid owner signatures cannot substitute a permit for another position, plan, target, or truth (9.913292ms)
✔ qualification rejects legacy raw apply bundles and caller-authored qualified_at (1.680042ms)
✔ apply reference and independently returned verified-proof drift fail closed (2.801042ms)
✔ baseline capture reuse is rejected; unchanged authenticated buyer surface becomes FAIL after six hours (4.10825ms)
✔ historical qualification can inspect an expired permit, but a writer cannot consume it (1.410542ms)
✔ reviewed image-set certificate binds the exact MAIN+gallery plan (2.114875ms)
✔ reviewed image-set certificate rejects a plan with different gallery bytes (0.503083ms)
✔ reviewed image-set certificate rejects a false PASS policy bit (0.456792ms)
✔ reviewed-MAIN certificate binds exact plan, MAIN, gallery, and policy (3.007125ms)
✔ reviewed-MAIN certificate rejects extra fields and plan/MAIN drift (1.171792ms)
✔ constructor is zero-network and account binding comes from exact OAuth credentials (2.088542ms)
✔ one token is reused for one POST and bounded GETs; every native call forbids redirects (27.057375ms)
✔ a second POST is impossible even after the first POST returned (0.577625ms)
✔ OAuth failure is attempted once and never reaches maintenance POST (0.262ms)
✔ HTTP 429 is returned once without refresh or retry (0.320959ms)
✔ unknown POST network outcome is counted exactly once and never retried (0.387667ms)
✔ streaming response cap fails closed after the single HTTP attempt (0.655417ms)
✔ feed GET path must be the exact encoded accepted feed ID (0.089834ms)
✔ unchanged-image certificate binds an exact non-image repair (4.3525ms)
✔ unchanged-image certificate rejects image-changing or tampered plans (0.616333ms)
✔ writer preflights transport before REQUESTING, starts OAuth only after burn, and qualifies exact feed success (7.632417ms)
✔ unknown POST transport outcome is AMBIGUOUS and is never retried (1.245875ms)
✔ OAuth failure before POST is terminal FAILED with zero marketplace writes (0.606834ms)
✔ accepted feed with bounded nonterminal polls becomes GET-only continuation, never ambiguous (0.698667ms)
✔ GET-only continuation loads durable ACCEPTED custody and cannot call POST (3.114291ms)
✔ durable accepted POST recovery records ACCEPTED and performs GET only (4.674833ms)
✔ account drift fails before artifact persistence, permit burn, OAuth, or POST (0.522333ms)
✔ missing Walmart credentials are reported exactly without consuming the permit (2.037625ms)
✔ permit expiry is rechecked after REQUESTING and immediately before send (0.45725ms)
✔ sequence expiry during async final gates blocks POST after REQUESTING (12.523958ms)
✔ fresh readiness position drift after burn blocks POST (0.9745ms)
✔ target image certificate drift after permit burn blocks POST (1.222833ms)
▶ READY or Product Truth drift during deferred final certificate verification blocks POST
  ✔ READY (1.071834ms)
  ✔ PRODUCT_TRUTH (0.769417ms)
✔ READY or Product Truth drift during deferred final certificate verification blocks POST (2.290708ms)
✔ returned feed response must account for exactly one GET (1.051ms)
✔ stranded REQUESTING recovery is no-network manual review and never replays (0.575792ms)
✔ production entrypoint rejects caller dependency injection (0.90825ms)
✔ production closure is pinned and malformed data cannot reach any executable dependency (107.348208ms)
✔ HTTP receipt fixture is exact raw-byte JSON, not a caller outcome boolean (0.085875ms)
✔ operations API is read-only and returns the sealed pool (45.650125ms)
✔ gallery route serves exact qualified bytes and rejects mutations (26.61575ms)
✔ legacy QC full A-to-Z requeue is retired (0.233833ms)
✔ one canonical component becomes exact one-SKU detector truth (1.661ms)
✔ exact canonical content remains usable when price evidence is unsourceable (0.200542ms)
✔ product aliases are deduplicated after detector normalization (0.083916ms)
✔ a multipack donor is rejected instead of becoming a multipack-of-multipacks (0.085541ms)
✔ missing canonical content never falls back to the Walmart title (0.058542ms)
✔ mixed or multi-component recipes do not enter the same-product repair lane (0.05025ms)
✔ full one-SKU diagnostic proves a wrong MAIN package count is BAD (64.475458ms)
✔ full diagnostic accepts possessive brand, interleaved title tokens, and observer role drift (56.451625ms)
✔ source-blocked self-consistency detects declared Pack of 6 versus one visible MAIN (45.377333ms)
✔ source-blocked self-consistency detects a hot-dog-buns listing with a hamburger-buns bullet (41.715ms)
✔ a visually and textually clean input remains a candidate until source-aware qualification (41.691041ms)
✔ full one-SKU diagnostic rejects changed image bytes (45.017167ms)
✔ full one-SKU diagnostic rejects a buyer snapshot for another SKU (43.723ms)
✔ operator command processes one exact SKU evidence set and writes one sealed result (49.248708ms)
✔ review command seals one exact Product Truth diff with image bytes but authorizes no write (92.578875ms)
✔ read-only intake stops at SOURCE_REQUIRED before Walmart, PDP, image, or model work (0.40625ms)
✔ explicit inspect mode captures live buyer evidence while preserving SOURCE_REQUIRED authority (4.061667ms)
✔ buyer-PDP substitution is sealed as a capture requirement, never accepted as the target (127.75ms)
✔ buyer PDP accepts an exact displayed item whose primary variant item differs (0.564167ms)
✔ buyer PDP accepts an exact displayed item with no primary variant item (0.191042ms)
✔ inspect accepts one exact imported buyer HTML file and accounts for zero PDP GETs (3.093917ms)
✔ read-only intake captures the exact seller-to-buyer chain and every image (2.452125ms)
✔ captured intake is atomically persisted as one immutable local bundle (322.651083ms)
✔ blind observer plan hides listing truth and verifies an exact signed worker response (1.6175ms)
✔ seals an unresolved terminal failure and unblocks only the next listing (3.504625ms)
✔ does not classify an editable field as a platform-priority quarantine (0.421375ms)
✔ Listing Quality capture performs exactly one token and one read attempt (33.909792ms)
✔ seals exact read-only evidence for a complete one-member variant group (3.854667ms)
✔ rejects an incomplete population claim, stale report, or unsupported schema (1.178417ms)
✔ canonical catalog fixture is independently parseable (0.155ms)
✔ sealed evidence verifier rejects mutation and widened authority (0.486667ms)
ℹ tests 195
ℹ suites 0
ℹ pass 195
ℹ fail 0
ℹ cancelled 0
ℹ skipped 0
ℹ todo 0
ℹ duration_ms 9095.983

stderr:
