command=["/opt/homebrew/Cellar/node@24/24.18.0/bin/node","--import","tsx","--test","scripts/__tests__/walmart-listing-repair-operator.test.ts","scripts/__tests__/verify-and-run-walmart-listing-repair.test.mjs","src/lib/walmart/__tests__/listing-integrity-remediation-ledger.test.mjs","src/lib/walmart/__tests__/listing-integrity-remediation-artifacts.test.ts","src/lib/walmart/__tests__/listing-integrity-remediation-qualification.test.ts","src/lib/walmart/__tests__/listing-integrity-remediation-live-qualification.test.ts","src/lib/walmart/__tests__/listing-integrity-remediation-ledger-adapter.test.ts","src/lib/walmart/__tests__/listing-integrity-remediation-transport.test.ts","src/lib/walmart/__tests__/listing-integrity-remediation-payload.test.ts","src/lib/walmart/__tests__/listing-integrity-variant-group-evidence.test.ts","src/lib/walmart/__tests__/listing-integrity-remediation-closed-loop.test.ts","src/lib/walmart/__tests__/listing-integrity-remediation-image-certificate.test.ts","src/lib/walmart/__tests__/listing-integrity-remediation-apply-evidence.test.ts","src/lib/walmart/__tests__/listing-integrity-remediation-apply-evidence-adapter.test.ts","src/lib/walmart/__tests__/listing-integrity-remediation-writer.test.ts","src/lib/walmart/__tests__/listing-integrity-remediation-owner-compiler.test.ts","src/lib/walmart/__tests__/listing-integrity-remediation-owner-material-capture.test.ts","src/lib/walmart/__tests__/listing-integrity-remediation-reviewed-main-certificate.test.ts","src/lib/walmart/__tests__/listing-integrity-remediation-reviewed-image-set-certificate.test.ts","src/lib/walmart/__tests__/listing-integrity-remediation-unchanged-image-certificate.test.ts","src/lib/walmart/__tests__/catalog-visual-audit-rounding.test.ts","src/lib/walmart/__tests__/listing-integrity-single-pipeline.test.ts","src/lib/walmart/__tests__/listing-integrity-monitor-lifecycle.test.ts","src/lib/walmart/__tests__/listing-integrity-terminal-failure.test.ts","src/lib/walmart/__tests__/listing-integrity-operations.test.ts","src/lib/walmart/__tests__/listing-integrity-operations.server.test.ts","src/lib/walmart/__tests__/listing-integrity-routes.test.ts","src/components/walmart-growth/__tests__/ListingIntegrityPanel.test.tsx"]
exit=0
stdout:
✔ wrapper CLI requires exact external trust inputs and one bounded operator command (2.067792ms)
✔ wrapper verifies canonical manifest, clean Git identity, inventory, and release pins (501.730292ms)
▶ wrapper fails closed on source drift and noncanonical manifest bytes
  ✔ dirty source (320.529875ms)
  ✔ manifest byte drift (173.045541ms)
✔ wrapper fails closed on source drift and noncanonical manifest bytes (494.477ms)
✔ operator CLI requires wrapper-attested release hashes and rejects test runtime flags (2.364709ms)
✔ doctor proves the engine and enrolled owner trust root are ready with zero effects (84.42125ms)
✔ command flag allowlists reject implicit scope and live shortcuts (3.786458ms)
✔ reviewed MAIN source is fetched once and must match owner-signed bytes (50.929ms)
✔ renders qualified canaries and the sealed controlled pool without mutation controls (359.52025ms)
✔ multi-unit package label accepts rounded metric beside exact oz/lb (5.770584ms)
✔ same-unit-only package fact remains exact (2.706042ms)
✔ a terminal monitor restart exits successfully without calling Qualification again (29.76525ms)
✔ an active lock prevents a second local monitor from doing any work (1.650875ms)
✔ a terminal file for another package fails closed (11.173292ms)
✔ loads only exact-byte verified qualified cases and the latest sealed pool (62.985ms)
✔ serves only a final Qualification-bound gallery by exact SKU (98.848916ms)
✔ completed case requires exact body seal and final Qualification PASS (3.611792ms)
✔ controlled pool is read-only, excludes completed SKUs and prioritizes proven conflicts (24.184417ms)
✔ controlled pool seal and strict sequence fail closed (82.633458ms)
✔ factory accepts only two distinct fixed absolute custody roots (0.770375ms)
✔ reference drift is rejected before either missing custody root can be bootstrapped (2650.809ms)
✔ current non-SUCCEEDED HEAD is rejected read-only before artifact custody access (125.7085ms)
✔ SUCCEEDED custody is loaded by reference and mapped into the real pure verifier with zero writes (1293.515166ms)
▶ stale current-HEAD and artifact-inventory references fail before pure verification
  ✔ ledger HEAD drift (1085.83225ms)
  ✔ artifact inventory drift (926.797375ms)
✔ stale current-HEAD and artifact-inventory references fail before pure verification (2013.091667ms)
✔ verifies exact surgical bytes, ACCEPTED custody, terminal feed, and current HEAD (187.581042ms)
✔ rejects a custody-consistent terminal receipt with the wrong GET route or feedId (42.856666ms)
✔ rejects missing ACCEPTED bytes and a HEAD missing the ACCEPTED event (24.429292ms)
✔ rejects a one-byte surgical request payload mutation (22.460583ms)
✔ rejects target image certificate bytes not bound by permit and manifest (7.130208ms)
✔ rejects permit-bound target certificates with a broken seal, schema, or plan (60.170708ms)
✔ rejects authoritative timestamp inversion (33.427417ms)
✔ requires CLAIMED, REQUESTING, POST response, and ACCEPTED strictly before permit expiry (49.249167ms)
✔ rejects an image certificate that expires after prepare but by POST response capture (32.42875ms)
✔ allows terminal feed confirmation after permit expiry when ACCEPTED was still authorized (11.963ms)
✔ rejects terminal file hash corruption, preserved POST hash drift, and FAILED state (29.588541ms)
✔ durably loads one exact accepted request/response and inventories immutable custody (2683.115708ms)
✔ exact concurrent replay is idempotent while singleton overwrite and extras fail (1157.587417ms)
✔ an OS-visible lock held by another process blocks custody without reclaim (727.724625ms)
✔ locked qualification reader performs a final exact-inventory rescan (560.71825ms)
✔ feed-status content-addressing survives exact replay and distinct resume calls (704.838917ms)
✔ cross-permit/root and accepted hash/feed mismatches fail closed (441.182083ms)
✔ terminal loader rejects non-success, wrong hash pairs, numeric stems and wrong v2 routes (437.90075ms)
▶ mode tamper, hardlinks, content tamper and deletion are detected
  ✔ mode (336.723208ms)
  ✔ hardlink (301.797958ms)
  ✔ tamper (317.956875ms)
  ✔ deletion (347.246375ms)
✔ mode tamper, hardlinks, content tamper and deletion are detected (1304.359042ms)
✔ symlinked ancestry and symlinked artifact aliases are rejected (371.957208ms)
✔ one exact SKU closes BAD -> repair -> SUCCEEDED -> reread -> PASS without hidden effects (3735.875042ms)
✔ certifies exact MAIN/gallery bytes, Product Truth lineage, rights, and signed worker v2 evidence (53.214959ms)
✔ real certifier bytes fail closed on mutation, wrong schema, and wrong plan (72.283958ms)
✔ fails closed on bytes, URL/redirect, lineage, rights, worker trust, count, order, and freshness drift (156.633667ms)
✔ mixed/variety composition is an explicit fail-closed integration gap (36.209541ms)
✔ concrete adapter binds one permit to one immutable ledger through terminal success (1183.408667ms)
✔ adapter rejects cross-ledger permits and request-hash drift before advancing state (294.223084ms)
✔ adapter requires an absolute normalized custody path (0.214417ms)
✔ bootstrap pins exact custody identity, 0700/0400 modes, and honest threat claims (175.13475ms)
✔ REQUESTING durably burns one permit and binds exact manifest/payload before network (773.299ms)
✔ definite accepted POST is durable and permits only GET-only continuation (533.189334ms)
✔ Walmart feed IDs containing @ survive ACCEPTED and terminal rereads (537.437208ms)
✔ SUCCEEDED requires ACCEPTED plus exact feed-status evidence and cumulative head (392.2035ms)
✔ SUCCEEDED cannot skip ACCEPTED and terminal may occur after permit expiry elsewhere (247.475375ms)
✔ zero-call FAILED burns permit without claiming marketplace evidence (296.523875ms)
✔ unknown one-call outcome becomes AMBIGUOUS and can never replay (285.717333ms)
✔ CLAIMED crash state is permanently consumed and cannot be claimed again (191.654041ms)
✔ split claim→REQUESTING enforces exact durable claim and request hashes (109.738167ms)
✔ deleted event file is detected by cumulative head and cannot reopen (162.360542ms)
✔ restoring an older head after a later event is detected as rollback (173.318083ms)
✔ self-consistent forged head with a missing exact event is rejected (157.554041ms)
✔ unexpected extra file and incomplete operation lock fail closed (102.392417ms)
✔ world-accessible directory, symlink path, and hardlinked artifact are rejected (85.920459ms)
✔ concurrent claims cannot both pass the single-custody operation fence (91.675208ms)
✔ terminal evidence pair and outcome truth constraints fail closed (172.481709ms)
✔ fresh frozen live reread unblocks the next SKU only on exact target PASS (290.390875ms)
✔ a mismatch inside the propagation window remains no-write PENDING (60.100084ms)
✔ content repair Qualification accepts an exact catalog without a mapped net-content claim (81.328959ms)
✔ content repair Qualification blocks when an unchanged opaque attribute disappears (111.851167ms)
✔ attribute-only live Qualification PASSes only after exact buyer-visible propagation (74.138917ms)
✔ attribute-only Total count recovery PASSes for an exact Pack of 4 surface (23.7255ms)
✔ unchanged gallery accepts Walmart JPEG re-encoding only under exact reviewed URLs (51.49ms)
✔ unchanged gallery still rejects a re-encoded asset under a different URL (47.156334ms)
✔ factual gallery accepts Walmart Total count for the exact synthetic count target (0.884666ms)
✔ factual gallery accepts implicit Count per pack 1 when exact Total count is visible (0.456167ms)
✔ factual gallery rejects a wrong Walmart Total count (0.260375ms)
✔ factual gallery rejects an implicit non-unit Count per pack (0.30075ms)
✔ attribute-only live Qualification remains no-write PENDING on the stale buyer surface (55.791708ms)
✔ a mismatched reread after the former two-hour window remains PENDING under Walmart's SLA (53.1175ms)
✔ a mismatched reread after the six-hour failure window halts on FAIL (40.973584ms)
✔ reviewed MAIN accepts only a SHA-bound perceptually identical Walmart rehost (56.0215ms)
✔ reviewed image-set Qualification accepts exact target MAIN and gallery (33.99025ms)
✔ reviewed image-set Qualification rejects gallery drift (37.080584ms)
✔ reviewed MAIN does not accept a different image under a Walmart URL (87.62725ms)
✔ live Qualification rejects a source release outside current and exact predecessor (0.783875ms)
✔ owner compiler accepts only an exact reviewed description/bullets/MAIN diff (3.9425ms)
✔ owner compiler accepts only the exact v3 attributes diff and preserves opaque fields (1.04175ms)
✔ owner compiler accepts exact v4 MAIN+gallery diff and rejects incomplete evidence (0.99725ms)
✔ owner compiler creates one exact text-only execution package with zero effects (230.583084ms)
✔ material capture performs only three exact non-retrying read attempts (38.806417ms)
✔ attribute lane captures the exact complete variant group with one extra GET (0.997208ms)
✔ material capture never retries an unknown network outcome (0.703833ms)
✔ builds one canonical native MP_MAINTENANCE request and never writes the full QA target (36.538917ms)
✔ manifest freezes pre-sign timing, raw spec, identifier, and exact transport semantics (6.527333ms)
✔ gallery replacement preserves exact target ordering and omits unchanged MAIN (3.305333ms)
✔ supports exact live identifier allowlist instead of assuming UPC (3.479084ms)
✔ supports an explicitly mapped newly added target claim (2.000084ms)
✔ fails closed when an ordinary one-SKU attribute repair changes a live variant-group key (3.261542ms)
✔ allows one exact complete single-member variant-group repair and emits group fields (14.80025ms)
✔ rejects caller field paths as Walmart keys and mappings for unchanged claims (1.148125ms)
✔ pins the configured spec and exact fresh live item identity/state from raw bytes (5.443291ms)
✔ rejects attribute removal and null description instead of guessing clear semantics (0.972542ms)
✔ rejects stale/tampered raw Get Spec evidence and schema-invalid output (9.888ms)
✔ exact-byte verifier rejects payload or manifest drift (40.225916ms)
✔ fixture plan remains bound to the listing-integrity input family (0.659208ms)
✔ production verifier is pinned and still rejects an owner key outside the production trust root (7.347958ms)
✔ signed sequence releases only its exact first plan position and never a write (1.049458ms)
✔ repair planning rejects a target that contradicts Product Truth before any permit (12.427833ms)
✔ FaisalX-1183 review target needs explicit Pack of 6 in description and bullets (1.222334ms)
✔ gate rebuilds PASS from exact evidence and ignores a forged cached PASS/actor (13.959ms)
✔ even valid owner signatures cannot substitute a permit for another position, plan, target, or truth (7.698ms)
✔ qualification rejects legacy raw apply bundles and caller-authored qualified_at (5.011084ms)
✔ apply reference and independently returned verified-proof drift fail closed (4.429584ms)
✔ baseline capture reuse is rejected; unchanged authenticated buyer surface becomes FAIL after six hours (3.215333ms)
✔ historical qualification can inspect an expired permit, but a writer cannot consume it (1.349417ms)
✔ reviewed image-set certificate binds the exact MAIN+gallery plan (5.896375ms)
✔ reviewed image-set certificate rejects a plan with different gallery bytes (0.661584ms)
✔ reviewed image-set certificate rejects a false PASS policy bit (0.388875ms)
✔ reviewed-MAIN certificate binds exact plan, MAIN, gallery, and policy (2.581833ms)
✔ reviewed-MAIN certificate rejects extra fields and plan/MAIN drift (1.02825ms)
✔ constructor is zero-network and account binding comes from exact OAuth credentials (1.573083ms)
✔ one token is reused for one POST and bounded GETs; every native call forbids redirects (36.640917ms)
✔ a second POST is impossible even after the first POST returned (0.912167ms)
✔ OAuth failure is attempted once and never reaches maintenance POST (0.288791ms)
✔ HTTP 429 is returned once without refresh or retry (1.324542ms)
✔ unknown POST network outcome is counted exactly once and never retried (0.387291ms)
✔ streaming response cap fails closed after the single HTTP attempt (0.677ms)
✔ feed GET path must be the exact encoded accepted feed ID (0.094833ms)
✔ unchanged-image certificate binds an exact non-image repair (8.412833ms)
✔ unchanged-image certificate rejects image-changing or tampered plans (0.70825ms)
✔ writer preflights transport before REQUESTING, starts OAuth only after burn, and qualifies exact feed success (10.327208ms)
✔ unknown POST transport outcome is AMBIGUOUS and is never retried (0.809666ms)
✔ OAuth failure before POST is terminal FAILED with zero marketplace writes (0.574291ms)
✔ accepted feed with bounded nonterminal polls becomes GET-only continuation, never ambiguous (1.844792ms)
✔ GET-only continuation loads durable ACCEPTED custody and cannot call POST (4.057208ms)
✔ durable accepted POST recovery records ACCEPTED and performs GET only (1.734833ms)
✔ account drift fails before artifact persistence, permit burn, OAuth, or POST (0.494916ms)
✔ missing Walmart credentials are reported exactly without consuming the permit (0.454417ms)
✔ permit expiry is rechecked after REQUESTING and immediately before send (1.636417ms)
✔ sequence expiry during async final gates blocks POST after REQUESTING (8.574708ms)
✔ fresh readiness position drift after burn blocks POST (0.534625ms)
✔ target image certificate drift after permit burn blocks POST (0.44825ms)
▶ READY or Product Truth drift during deferred final certificate verification blocks POST
  ✔ READY (0.499959ms)
  ✔ PRODUCT_TRUTH (0.402041ms)
✔ READY or Product Truth drift during deferred final certificate verification blocks POST (1.0595ms)
✔ returned feed response must account for exactly one GET (0.649083ms)
✔ stranded REQUESTING recovery is no-network manual review and never replays (0.337417ms)
✔ production entrypoint rejects caller dependency injection (0.169583ms)
✔ production closure is pinned and malformed data cannot reach any executable dependency (103.077792ms)
✔ HTTP receipt fixture is exact raw-byte JSON, not a caller outcome boolean (0.088417ms)
✔ operations API is read-only and returns the sealed pool (46.937375ms)
✔ gallery route serves exact qualified bytes and rejects mutations (17.908292ms)
✔ legacy QC full A-to-Z requeue is retired (0.214791ms)
✔ one canonical component becomes exact one-SKU detector truth (1.929375ms)
✔ exact canonical content remains usable when price evidence is unsourceable (0.217833ms)
✔ product aliases are deduplicated after detector normalization (0.090167ms)
✔ a multipack donor is rejected instead of becoming a multipack-of-multipacks (0.088209ms)
✔ missing canonical content never falls back to the Walmart title (0.061958ms)
✔ mixed or multi-component recipes do not enter the same-product repair lane (0.049417ms)
✔ full one-SKU diagnostic proves a wrong MAIN package count is BAD (58.766917ms)
✔ full diagnostic accepts possessive brand, interleaved title tokens, and observer role drift (47.169375ms)
✔ source-blocked self-consistency detects declared Pack of 6 versus one visible MAIN (28.495583ms)
✔ source-blocked self-consistency detects a hot-dog-buns listing with a hamburger-buns bullet (38.31575ms)
✔ a visually and textually clean input remains a candidate until source-aware qualification (38.601583ms)
✔ full one-SKU diagnostic rejects changed image bytes (32.629958ms)
✔ full one-SKU diagnostic rejects a buyer snapshot for another SKU (29.813041ms)
✔ operator command processes one exact SKU evidence set and writes one sealed result (51.341542ms)
✔ review command seals one exact Product Truth diff with image bytes but authorizes no write (74.408791ms)
✔ read-only intake stops at SOURCE_REQUIRED before Walmart, PDP, image, or model work (0.377292ms)
✔ explicit inspect mode captures live buyer evidence while preserving SOURCE_REQUIRED authority (3.670459ms)
✔ buyer-PDP substitution is sealed as a capture requirement, never accepted as the target (105.116708ms)
✔ buyer PDP accepts an exact displayed item whose primary variant item differs (0.275458ms)
✔ buyer PDP accepts an exact displayed item with no primary variant item (0.085875ms)
✔ inspect accepts one exact imported buyer HTML file and accounts for zero PDP GETs (2.927042ms)
✔ read-only intake captures the exact seller-to-buyer chain and every image (2.319417ms)
✔ captured intake is atomically persisted as one immutable local bundle (327.160625ms)
✔ blind observer plan hides listing truth and verifies an exact signed worker response (1.578416ms)
✔ seals an unresolved terminal failure and unblocks only the next listing (4.974375ms)
✔ does not classify an editable field as a platform-priority quarantine (0.499417ms)
✔ Listing Quality capture performs exactly one token and one read attempt (29.232166ms)
✔ seals exact read-only evidence for a complete one-member variant group (4.768959ms)
✔ rejects an incomplete population claim, stale report, or unsupported schema (2.493208ms)
✔ canonical catalog fixture is independently parseable (0.194917ms)
✔ sealed evidence verifier rejects mutation and widened authority (0.722791ms)
ℹ tests 195
ℹ suites 0
ℹ pass 195
ℹ fail 0
ℹ cancelled 0
ℹ skipped 0
ℹ todo 0
ℹ duration_ms 10291.381209

stderr:
